#
# There is insufficient memory for the Java Runtime Environment to continue.
# Native memory allocation (malloc) failed to allocate 181216 bytes. Error detail: Chunk::new
# Possible reasons:
#   The system is out of physical RAM or swap space
#   This process is running with CompressedOops enabled, and the Java Heap may be blocking the growth of the native heap
# Possible solutions:
#   Reduce memory load on the system
#   Increase physical memory or swap space
#   Check if swap backing store is full
#   Decrease Java heap size (-Xmx/-Xms)
#   Decrease number of Java threads
#   Decrease Java thread stack sizes (-Xss)
#   Set larger code cache with -XX:ReservedCodeCacheSize=
#   JVM is running with Unscaled Compressed Oops mode in which the Java heap is
#     placed in the first 4GB address space. The Java Heap base address is the
#     maximum limit for the native heap growth. Please use -XX:HeapBaseMinAddress
#     to set the Java Heap base and to place the Java Heap above 4GB virtual address.
# This output file may be truncated or incomplete.
#
#  Out of Memory Error (arena.cpp:149), pid=2636, tid=13964
#
# JRE version: OpenJDK Runtime Environment (23.0.2+9) (build 23.0.2+9)
# Java VM: OpenJDK 64-Bit Server VM (23.0.2+9, mixed mode, sharing, tiered, compressed oops, compressed class ptrs, g1 gc, windows-amd64)
# No core dump will be written. Minidumps are not enabled by default on client versions of Windows
#

---------------  S U M M A R Y ------------

Command Line: --enable-native-access=ALL-UNNAMED -Dclassworlds.conf=C:\Program Files\Apache\apache-maven-3.9.11\bin\m2.conf -Dmaven.home=C:\Program Files\Apache\apache-maven-3.9.11 -Dlibrary.jansi.path=C:\Program Files\Apache\apache-maven-3.9.11\lib\jansi-native -Dmaven.multiModuleProjectDirectory=C:\Users\chico\Documents\GitHub\CrudCloud-Backend-ColdBrew org.codehaus.plexus.classworlds.launcher.Launcher spring-boot:run

Host: AMD Athlon Gold 3150U with Radeon Graphics     , 4 cores, 3G,  Windows 11 , 64 bit Build 26100 (10.0.26100.7019)
Time: Wed Nov 12 20:49:34 2025 Hora est. Pacífico, Sudamérica elapsed time: 10.316147 seconds (0d 0h 0m 10s)

---------------  T H R E A D  ---------------

Current thread (0x000001d0c1140470):  JavaThread "C2 CompilerThread0" daemon [_thread_in_native, id=13964, stack(0x0000000101400000,0x0000000101500000) (1024K)]


Current CompileTask:
C2:10316 2406       4       java.lang.reflect.Executable::getAnnotation (23 bytes)

Stack: [0x0000000101400000,0x0000000101500000]
Native frames: (J=compiled Java code, j=interpreted, Vv=VM code, C=native code)
V  [jvm.dll+0x6ef969]  (no source info available)
V  [jvm.dll+0x8e08c3]  (no source info available)
V  [jvm.dll+0x8e2b8e]  (no source info available)
V  [jvm.dll+0x8e3273]  (no source info available)
V  [jvm.dll+0x2858e6]  (no source info available)
V  [jvm.dll+0xbc74f]  (no source info available)
V  [jvm.dll+0xbc9ab]  (no source info available)
V  [jvm.dll+0x2f9f6d]  (no source info available)
V  [jvm.dll+0x612b15]  (no source info available)
V  [jvm.dll+0x258052]  (no source info available)
V  [jvm.dll+0x25009f]  (no source info available)
V  [jvm.dll+0x24ddad]  (no source info available)
V  [jvm.dll+0x1cb7ca]  (no source info available)
V  [jvm.dll+0x25dfeb]  (no source info available)
V  [jvm.dll+0x25c2aa]  (no source info available)
V  [jvm.dll+0x3faaf6]  (no source info available)
V  [jvm.dll+0x886a38]  (no source info available)
V  [jvm.dll+0x6ee185]  (no source info available)
C  [ucrtbase.dll+0x37b0]  (no source info available)
C  [KERNEL32.DLL+0x2e8d7]  (no source info available)
C  [ntdll.dll+0x8c53c]  (no source info available)

Lock stack of current Java thread (top to bottom):


---------------  P R O C E S S  ---------------

Threads class SMR info:
_java_thread_list=0x000001d0c17b3c40, length=11, elements={
0x000001d0da8a2ef0, 0x000001d0c1139b90, 0x000001d0c113a7a0, 0x000001d0c113b3b0,
0x000001d0c113be10, 0x000001d0c113c870, 0x000001d0c113d2d0, 0x000001d0c1140470,
0x000001d0c1161b40, 0x000001d0c131c7d0, 0x000001d0c13208b0
}

Java Threads: ( => current thread )
  0x000001d0da8a2ef0 JavaThread "main"                              [_thread_in_vm, id=1136, stack(0x0000000100500000,0x0000000100600000) (1024K)]
  0x000001d0c1139b90 JavaThread "Reference Handler"          daemon [_thread_blocked, id=7828, stack(0x0000000100e00000,0x0000000100f00000) (1024K)]
  0x000001d0c113a7a0 JavaThread "Finalizer"                  daemon [_thread_blocked, id=5020, stack(0x0000000100f00000,0x0000000101000000) (1024K)]
  0x000001d0c113b3b0 JavaThread "Signal Dispatcher"          daemon [_thread_blocked, id=10476, stack(0x0000000101000000,0x0000000101100000) (1024K)]
  0x000001d0c113be10 JavaThread "Attach Listener"            daemon [_thread_blocked, id=11860, stack(0x0000000101100000,0x0000000101200000) (1024K)]
  0x000001d0c113c870 JavaThread "Service Thread"             daemon [_thread_blocked, id=14028, stack(0x0000000101200000,0x0000000101300000) (1024K)]
  0x000001d0c113d2d0 JavaThread "Monitor Deflation Thread"   daemon [_thread_blocked, id=10412, stack(0x0000000101300000,0x0000000101400000) (1024K)]
=>0x000001d0c1140470 JavaThread "C2 CompilerThread0"         daemon [_thread_in_native, id=13964, stack(0x0000000101400000,0x0000000101500000) (1024K)]
  0x000001d0c1161b40 JavaThread "C1 CompilerThread0"         daemon [_thread_blocked, id=4664, stack(0x0000000101500000,0x0000000101600000) (1024K)]
  0x000001d0c131c7d0 JavaThread "Notification Thread"        daemon [_thread_blocked, id=11672, stack(0x0000000101600000,0x0000000101700000) (1024K)]
  0x000001d0c13208b0 JavaThread "Common-Cleaner"             daemon [_thread_blocked, id=12944, stack(0x0000000101700000,0x0000000101800000) (1024K)]
Total: 11

Other Threads:
  0x000001d0dccdd940 VMThread "VM Thread"                           [id=10788, stack(0x0000000100d00000,0x0000000100e00000) (1024K)]
  0x000001d0c111d2b0 WatcherThread "VM Periodic Task Thread"        [id=4420, stack(0x0000000100c00000,0x0000000100d00000) (1024K)]
  0x000001d0dcc4f480 WorkerThread "GC Thread#0"                     [id=12984, stack(0x0000000100700000,0x0000000100800000) (1024K)]
  0x000001d0c1e2bb30 WorkerThread "GC Thread#1"                     [id=4688, stack(0x0000000101900000,0x0000000101a00000) (1024K)]
  0x000001d0c1ddad30 WorkerThread "GC Thread#2"                     [id=5488, stack(0x0000000101a00000,0x0000000101b00000) (1024K)]
  0x000001d0c1ddfa30 WorkerThread "GC Thread#3"                     [id=6264, stack(0x0000000101b00000,0x0000000101c00000) (1024K)]
  0x000001d0dcc58ea0 ConcurrentGCThread "G1 Main Marker"            [id=12472, stack(0x0000000100800000,0x0000000100900000) (1024K)]
  0x000001d0dcc599b0 WorkerThread "G1 Conc#0"                       [id=14252, stack(0x0000000100900000,0x0000000100a00000) (1024K)]
  0x000001d0dccbb730 ConcurrentGCThread "G1 Refine#0"               [id=2720, stack(0x0000000100a00000,0x0000000100b00000) (1024K)]
  0x000001d0dccbf070 ConcurrentGCThread "G1 Service"                [id=10144, stack(0x0000000100b00000,0x0000000100c00000) (1024K)]
Total: 10

Threads with active compile tasks:
C2 CompilerThread0  10512 2406       4       java.lang.reflect.Executable::getAnnotation (23 bytes)
Total: 1

VM state: not at safepoint (normal execution)

VM Mutex/Monitor currently owned by a thread: None

Heap address: 0x00000000c8e00000, size: 882 MB, Compressed Oops mode: 32-bit

CDS archive(s) mapped at: [0x000001d080000000-0x000001d080d70000-0x000001d080d70000), size 14090240, SharedBaseAddress: 0x000001d080000000, ArchiveRelocationMode: 1.
Compressed class space mapped at: 0x000001d081000000-0x000001d0c1000000, reserved size: 1073741824
Narrow klass base: 0x000001d080000000, Narrow klass shift: 0, Narrow klass range: 0x41000000

GC Precious Log:
 CardTable entry size: 512
 Card Set container configuration: InlinePtr #cards 5 size 8 Array Of Cards #cards 10 size 36 Howl #buckets 4 coarsen threshold 1843 Howl Bitmap #cards 512 size 80 coarsen threshold 460 Card regions per heap region 1 cards per card region 2048
 CPUs: 4 total, 4 available
 Memory: 3520M
 Large Page Support: Disabled
 NUMA Support: Disabled
 Compressed Oops: Enabled (32-bit)
 Heap Region Size: 1M
 Heap Min Capacity: 8M
 Heap Initial Capacity: 56M
 Heap Max Capacity: 882M
 Pre-touch: Disabled
 Parallel Workers: 4
 Concurrent Workers: 1
 Concurrent Refinement Workers: 4
 Periodic GC: Disabled

Heap:
 garbage-first heap   total reserved 903168K, committed 57344K, used 14753K [0x00000000c8e00000, 0x0000000100000000)
  region size 1024K, 12 young (12288K), 2 survivors (2048K)
 Metaspace       used 11548K, committed 11776K, reserved 1114112K
  class space    used 1437K, committed 1536K, reserved 1048576K

Heap Regions: E=young(eden), S=young(survivor), O=old, HS=humongous(starts), HC=humongous(continues), CS=collection set, F=free, TAMS=top-at-mark-start, PB=parsable bottom
|   0|0x00000000c8e00000, 0x00000000c8f00000, 0x00000000c8f00000|100%| O|  |TAMS 0x00000000c8e00000| PB 0x00000000c8e00000| Untracked |  0
|   1|0x00000000c8f00000, 0x00000000c9000000, 0x00000000c9000000|100%| O|  |TAMS 0x00000000c8f00000| PB 0x00000000c8f00000| Untracked |  0
|   2|0x00000000c9000000, 0x00000000c9100000, 0x00000000c9100000|100%| O|  |TAMS 0x00000000c9000000| PB 0x00000000c9000000| Untracked |  0
|   3|0x00000000c9100000, 0x00000000c91686b8, 0x00000000c9200000| 40%| O|  |TAMS 0x00000000c9100000| PB 0x00000000c9100000| Untracked |  0
|   4|0x00000000c9200000, 0x00000000c9200000, 0x00000000c9300000|  0%| F|  |TAMS 0x00000000c9200000| PB 0x00000000c9200000| Untracked |  0
|   5|0x00000000c9300000, 0x00000000c9300000, 0x00000000c9400000|  0%| F|  |TAMS 0x00000000c9300000| PB 0x00000000c9300000| Untracked |  0
|   6|0x00000000c9400000, 0x00000000c9400000, 0x00000000c9500000|  0%| F|  |TAMS 0x00000000c9400000| PB 0x00000000c9400000| Untracked |  0
|   7|0x00000000c9500000, 0x00000000c9500000, 0x00000000c9600000|  0%| F|  |TAMS 0x00000000c9500000| PB 0x00000000c9500000| Untracked |  0
|   8|0x00000000c9600000, 0x00000000c9600000, 0x00000000c9700000|  0%| F|  |TAMS 0x00000000c9600000| PB 0x00000000c9600000| Untracked |  0
|   9|0x00000000c9700000, 0x00000000c9700000, 0x00000000c9800000|  0%| F|  |TAMS 0x00000000c9700000| PB 0x00000000c9700000| Untracked |  0
|  10|0x00000000c9800000, 0x00000000c9800000, 0x00000000c9900000|  0%| F|  |TAMS 0x00000000c9800000| PB 0x00000000c9800000| Untracked |  0
|  11|0x00000000c9900000, 0x00000000c9900000, 0x00000000c9a00000|  0%| F|  |TAMS 0x00000000c9900000| PB 0x00000000c9900000| Untracked |  0
|  12|0x00000000c9a00000, 0x00000000c9a00000, 0x00000000c9b00000|  0%| F|  |TAMS 0x00000000c9a00000| PB 0x00000000c9a00000| Untracked |  0
|  13|0x00000000c9b00000, 0x00000000c9b00000, 0x00000000c9c00000|  0%| F|  |TAMS 0x00000000c9b00000| PB 0x00000000c9b00000| Untracked |  0
|  14|0x00000000c9c00000, 0x00000000c9c00000, 0x00000000c9d00000|  0%| F|  |TAMS 0x00000000c9c00000| PB 0x00000000c9c00000| Untracked |  0
|  15|0x00000000c9d00000, 0x00000000c9d00000, 0x00000000c9e00000|  0%| F|  |TAMS 0x00000000c9d00000| PB 0x00000000c9d00000| Untracked |  0
|  16|0x00000000c9e00000, 0x00000000c9e00000, 0x00000000c9f00000|  0%| F|  |TAMS 0x00000000c9e00000| PB 0x00000000c9e00000| Untracked |  0
|  17|0x00000000c9f00000, 0x00000000c9f00000, 0x00000000ca000000|  0%| F|  |TAMS 0x00000000c9f00000| PB 0x00000000c9f00000| Untracked |  0
|  18|0x00000000ca000000, 0x00000000ca000000, 0x00000000ca100000|  0%| F|  |TAMS 0x00000000ca000000| PB 0x00000000ca000000| Untracked |  0
|  19|0x00000000ca100000, 0x00000000ca100000, 0x00000000ca200000|  0%| F|  |TAMS 0x00000000ca100000| PB 0x00000000ca100000| Untracked |  0
|  20|0x00000000ca200000, 0x00000000ca200000, 0x00000000ca300000|  0%| F|  |TAMS 0x00000000ca200000| PB 0x00000000ca200000| Untracked |  0
|  21|0x00000000ca300000, 0x00000000ca300000, 0x00000000ca400000|  0%| F|  |TAMS 0x00000000ca300000| PB 0x00000000ca300000| Untracked |  0
|  22|0x00000000ca400000, 0x00000000ca400000, 0x00000000ca500000|  0%| F|  |TAMS 0x00000000ca400000| PB 0x00000000ca400000| Untracked |  0
|  23|0x00000000ca500000, 0x00000000ca500000, 0x00000000ca600000|  0%| F|  |TAMS 0x00000000ca500000| PB 0x00000000ca500000| Untracked |  0
|  24|0x00000000ca600000, 0x00000000ca600000, 0x00000000ca700000|  0%| F|  |TAMS 0x00000000ca600000| PB 0x00000000ca600000| Untracked |  0
|  25|0x00000000ca700000, 0x00000000ca700000, 0x00000000ca800000|  0%| F|  |TAMS 0x00000000ca700000| PB 0x00000000ca700000| Untracked |  0
|  26|0x00000000ca800000, 0x00000000ca800000, 0x00000000ca900000|  0%| F|  |TAMS 0x00000000ca800000| PB 0x00000000ca800000| Untracked |  0
|  27|0x00000000ca900000, 0x00000000caa00000, 0x00000000caa00000|100%| S|CS|TAMS 0x00000000ca900000| PB 0x00000000ca900000| Complete |  0
|  28|0x00000000caa00000, 0x00000000cab00000, 0x00000000cab00000|100%| S|CS|TAMS 0x00000000caa00000| PB 0x00000000caa00000| Complete |  0
|  29|0x00000000cab00000, 0x00000000cab00000, 0x00000000cac00000|  0%| F|  |TAMS 0x00000000cab00000| PB 0x00000000cab00000| Untracked |  0
|  30|0x00000000cac00000, 0x00000000cac00000, 0x00000000cad00000|  0%| F|  |TAMS 0x00000000cac00000| PB 0x00000000cac00000| Untracked |  0
|  31|0x00000000cad00000, 0x00000000cad00000, 0x00000000cae00000|  0%| F|  |TAMS 0x00000000cad00000| PB 0x00000000cad00000| Untracked |  0
|  32|0x00000000cae00000, 0x00000000cae00000, 0x00000000caf00000|  0%| F|  |TAMS 0x00000000cae00000| PB 0x00000000cae00000| Untracked |  0
|  33|0x00000000caf00000, 0x00000000caf00000, 0x00000000cb000000|  0%| F|  |TAMS 0x00000000caf00000| PB 0x00000000caf00000| Untracked |  0
|  34|0x00000000cb000000, 0x00000000cb000000, 0x00000000cb100000|  0%| F|  |TAMS 0x00000000cb000000| PB 0x00000000cb000000| Untracked |  0
|  35|0x00000000cb100000, 0x00000000cb100000, 0x00000000cb200000|  0%| F|  |TAMS 0x00000000cb100000| PB 0x00000000cb100000| Untracked |  0
|  36|0x00000000cb200000, 0x00000000cb200000, 0x00000000cb300000|  0%| F|  |TAMS 0x00000000cb200000| PB 0x00000000cb200000| Untracked |  0
|  37|0x00000000cb300000, 0x00000000cb300000, 0x00000000cb400000|  0%| F|  |TAMS 0x00000000cb300000| PB 0x00000000cb300000| Untracked |  0
|  38|0x00000000cb400000, 0x00000000cb400000, 0x00000000cb500000|  0%| F|  |TAMS 0x00000000cb400000| PB 0x00000000cb400000| Untracked |  0
|  39|0x00000000cb500000, 0x00000000cb500000, 0x00000000cb600000|  0%| F|  |TAMS 0x00000000cb500000| PB 0x00000000cb500000| Untracked |  0
|  40|0x00000000cb600000, 0x00000000cb600000, 0x00000000cb700000|  0%| F|  |TAMS 0x00000000cb600000| PB 0x00000000cb600000| Untracked |  0
|  41|0x00000000cb700000, 0x00000000cb700000, 0x00000000cb800000|  0%| F|  |TAMS 0x00000000cb700000| PB 0x00000000cb700000| Untracked |  0
|  42|0x00000000cb800000, 0x00000000cb800000, 0x00000000cb900000|  0%| F|  |TAMS 0x00000000cb800000| PB 0x00000000cb800000| Untracked |  0
|  43|0x00000000cb900000, 0x00000000cb900000, 0x00000000cba00000|  0%| F|  |TAMS 0x00000000cb900000| PB 0x00000000cb900000| Untracked |  0
|  44|0x00000000cba00000, 0x00000000cba00000, 0x00000000cbb00000|  0%| F|  |TAMS 0x00000000cba00000| PB 0x00000000cba00000| Untracked |  0
|  45|0x00000000cbb00000, 0x00000000cbb00000, 0x00000000cbc00000|  0%| F|  |TAMS 0x00000000cbb00000| PB 0x00000000cbb00000| Untracked |  0
|  46|0x00000000cbc00000, 0x00000000cbcf85b8, 0x00000000cbd00000| 97%| E|  |TAMS 0x00000000cbc00000| PB 0x00000000cbc00000| Complete |  0
|  47|0x00000000cbd00000, 0x00000000cbe00000, 0x00000000cbe00000|100%| E|CS|TAMS 0x00000000cbd00000| PB 0x00000000cbd00000| Complete |  0
|  48|0x00000000cbe00000, 0x00000000cbf00000, 0x00000000cbf00000|100%| E|CS|TAMS 0x00000000cbe00000| PB 0x00000000cbe00000| Complete |  0
|  49|0x00000000cbf00000, 0x00000000cc000000, 0x00000000cc000000|100%| E|CS|TAMS 0x00000000cbf00000| PB 0x00000000cbf00000| Complete |  0
|  50|0x00000000cc000000, 0x00000000cc100000, 0x00000000cc100000|100%| E|CS|TAMS 0x00000000cc000000| PB 0x00000000cc000000| Complete |  0
|  51|0x00000000cc100000, 0x00000000cc200000, 0x00000000cc200000|100%| E|CS|TAMS 0x00000000cc100000| PB 0x00000000cc100000| Complete |  0
|  52|0x00000000cc200000, 0x00000000cc300000, 0x00000000cc300000|100%| E|CS|TAMS 0x00000000cc200000| PB 0x00000000cc200000| Complete |  0
|  53|0x00000000cc300000, 0x00000000cc400000, 0x00000000cc400000|100%| E|CS|TAMS 0x00000000cc300000| PB 0x00000000cc300000| Complete |  0
|  54|0x00000000cc400000, 0x00000000cc500000, 0x00000000cc500000|100%| E|CS|TAMS 0x00000000cc400000| PB 0x00000000cc400000| Complete |  0
|  55|0x00000000cc500000, 0x00000000cc600000, 0x00000000cc600000|100%| E|CS|TAMS 0x00000000cc500000| PB 0x00000000cc500000| Complete |  0

Card table byte_map: [0x000001d0f45b0000,0x000001d0f4770000] _byte_map_base: 0x000001d0f3f69000

Marking Bits: (CMBitMap*) 0x000001d0dcc4fb90
 Bits: [0x000001d0f4770000, 0x000001d0f5538000)

Polling page: 0x000001d0da860000

Metaspace:

Usage:
  Non-class:      9.87 MB used.
      Class:      1.40 MB used.
       Both:     11.28 MB used.

Virtual space:
  Non-class space:       64.00 MB reserved,      10.00 MB ( 16%) committed,  1 nodes.
      Class space:        1.00 GB reserved,       1.50 MB ( <1%) committed,  1 nodes.
             Both:        1.06 GB reserved,      11.50 MB (  1%) committed. 

Chunk freelists:
   Non-Class:  4.98 MB
       Class:  14.45 MB
        Both:  19.44 MB

MaxMetaspaceSize: unlimited
CompressedClassSpaceSize: 1.00 GB
Initial GC threshold: 21.00 MB
Current GC threshold: 21.00 MB
CDS: on
 - commit_granule_bytes: 65536.
 - commit_granule_words: 8192.
 - virtual_space_node_default_size: 8388608.
 - enlarge_chunks_in_place: 1.
 - use_allocation_guard: 0.


Internal statistics:

num_allocs_failed_limit: 0.
num_arena_births: 106.
num_arena_deaths: 0.
num_vsnodes_births: 2.
num_vsnodes_deaths: 0.
num_space_committed: 184.
num_space_uncommitted: 0.
num_chunks_returned_to_freelist: 0.
num_chunks_taken_from_freelist: 464.
num_chunk_merges: 0.
num_chunk_splits: 331.
num_chunks_enlarged: 277.
num_inconsistent_stats: 0.

CodeHeap 'non-profiled nmethods': size=120064Kb used=738Kb max_used=738Kb free=119326Kb
 bounds [0x000001d0ed070000, 0x000001d0ed2e0000, 0x000001d0f45b0000]
CodeHeap 'profiled nmethods': size=120000Kb used=3527Kb max_used=3527Kb free=116472Kb
 bounds [0x000001d0e55b0000, 0x000001d0e5930000, 0x000001d0ecae0000]
CodeHeap 'non-nmethods': size=5696Kb used=1372Kb max_used=1386Kb free=4323Kb
 bounds [0x000001d0ecae0000, 0x000001d0ecd50000, 0x000001d0ed070000]
CodeCache: size=245760Kb, used=5637Kb, max_used=5651Kb, free=240121Kb
 total_blobs=2896, nmethods=2417, adapters=384, full_count=0
Compilation: enabled, stopped_count=0, restarted_count=0

Compilation events (20 events):
Event: 10.289 Thread 0x000001d0c1161b40 2400       3       com.google.inject.internal.Scoping::isExplicitlyScoped (13 bytes)
Event: 10.289 Thread 0x000001d0c1140470 2406       4       java.lang.reflect.Executable::getAnnotation (23 bytes)
Event: 10.289 Thread 0x000001d0c1161b40 nmethod 2400 0x000001d0e591c188 code [0x000001d0e591c2a0, 0x000001d0e591c408]
Event: 10.290 Thread 0x000001d0c1161b40 2401       3       java.util.stream.ReduceOps::makeRef (42 bytes)
Event: 10.290 Thread 0x000001d0c1161b40 nmethod 2401 0x000001d0e591c488 code [0x000001d0e591c600, 0x000001d0e591cd90]
Event: 10.290 Thread 0x000001d0c1161b40 2402       3       java.util.stream.ReduceOps$3::<init> (28 bytes)
Event: 10.291 Thread 0x000001d0c1161b40 nmethod 2402 0x000001d0e591ce08 code [0x000001d0e591cf40, 0x000001d0e591d2d0]
Event: 10.291 Thread 0x000001d0c1161b40 2403       3       java.util.stream.ReduceOps$ReduceOp::<init> (10 bytes)
Event: 10.291 Thread 0x000001d0c1161b40 nmethod 2403 0x000001d0e591d308 code [0x000001d0e591d420, 0x000001d0e591d5d8]
Event: 10.291 Thread 0x000001d0c1161b40 2404       3       java.util.stream.ReduceOps$3::getOpFlags (28 bytes)
Event: 10.291 Thread 0x000001d0c1161b40 nmethod 2404 0x000001d0e591d608 code [0x000001d0e591d740, 0x000001d0e591da00]
Event: 10.291 Thread 0x000001d0c1161b40 2405       3       java.util.stream.ReduceOps$ReduceOp::evaluateSequential (18 bytes)
Event: 10.292 Thread 0x000001d0c1161b40 nmethod 2405 0x000001d0e591da88 code [0x000001d0e591dbe0, 0x000001d0e591e040]
Event: 10.292 Thread 0x000001d0c1161b40 2407       3       java.util.stream.Collectors$$Lambda/0x000001d081067be0::get (8 bytes)
Event: 10.292 Thread 0x000001d0c1161b40 nmethod 2407 0x000001d0e591e108 code [0x000001d0e591e240, 0x000001d0e591e588]
Event: 10.294 Thread 0x000001d0c1161b40 2408       1       com.google.inject.internal.KotlinSupport$KotlinUnsupported::isLocalClass (2 bytes)
Event: 10.294 Thread 0x000001d0c1161b40 nmethod 2408 0x000001d0ed123688 code [0x000001d0ed1237a0, 0x000001d0ed123868]
Event: 10.296 Thread 0x000001d0c1161b40 2409       3       java.lang.reflect.Executable::sharedGetParameterAnnotations (96 bytes)
Event: 10.297 Thread 0x000001d0c1161b40 nmethod 2409 0x000001d0e591e608 code [0x000001d0e591e820, 0x000001d0e591f530]
Event: 10.298 Thread 0x000001d0c1161b40 2410   !   3       com.google.inject.spi.InjectionPoint::forMember (174 bytes)

GC Heap History (6 events):
Event: 3.136 GC heap before
{Heap before GC invocations=0 (full 0):
 garbage-first heap   total reserved 903168K, committed 57344K, used 13312K [0x00000000c8e00000, 0x0000000100000000)
  region size 1024K, 14 young (14336K), 0 survivors (0K)
 Metaspace       used 3951K, committed 4160K, reserved 1114112K
  class space    used 422K, committed 512K, reserved 1048576K
}
Event: 3.153 GC heap after
{Heap after GC invocations=1 (full 0):
 garbage-first heap   total reserved 903168K, committed 57344K, used 3312K [0x00000000c8e00000, 0x0000000100000000)
  region size 1024K, 2 young (2048K), 2 survivors (2048K)
 Metaspace       used 3951K, committed 4160K, reserved 1114112K
  class space    used 422K, committed 512K, reserved 1048576K
}
Event: 4.488 GC heap before
{Heap before GC invocations=1 (full 0):
 garbage-first heap   total reserved 903168K, committed 57344K, used 15600K [0x00000000c8e00000, 0x0000000100000000)
  region size 1024K, 14 young (14336K), 2 survivors (2048K)
 Metaspace       used 5952K, committed 6080K, reserved 1114112K
  class space    used 731K, committed 768K, reserved 1048576K
}
Event: 4.505 GC heap after
{Heap after GC invocations=2 (full 0):
 garbage-first heap   total reserved 903168K, committed 57344K, used 4303K [0x00000000c8e00000, 0x0000000100000000)
  region size 1024K, 1 young (1024K), 1 survivors (1024K)
 Metaspace       used 5952K, committed 6080K, reserved 1114112K
  class space    used 731K, committed 768K, reserved 1048576K
}
Event: 8.096 GC heap before
{Heap before GC invocations=2 (full 0):
 garbage-first heap   total reserved 903168K, committed 57344K, used 30927K [0x00000000c8e00000, 0x0000000100000000)
  region size 1024K, 27 young (27648K), 1 survivors (1024K)
 Metaspace       used 9728K, committed 9856K, reserved 1114112K
  class space    used 1193K, committed 1280K, reserved 1048576K
}
Event: 8.105 GC heap after
{Heap after GC invocations=3 (full 0):
 garbage-first heap   total reserved 903168K, committed 57344K, used 5537K [0x00000000c8e00000, 0x0000000100000000)
  region size 1024K, 2 young (2048K), 2 survivors (2048K)
 Metaspace       used 9728K, committed 9856K, reserved 1114112K
  class space    used 1193K, committed 1280K, reserved 1048576K
}

Dll operation events (8 events):
Event: 0.062 Loaded shared library C:\Program Files\BellSoft\LibericaJDK-23\bin\java.dll
Event: 0.207 Loaded shared library C:\Program Files\BellSoft\LibericaJDK-23\bin\jsvml.dll
Event: 0.423 Loaded shared library C:\Program Files\BellSoft\LibericaJDK-23\bin\net.dll
Event: 0.441 Loaded shared library C:\Program Files\BellSoft\LibericaJDK-23\bin\nio.dll
Event: 0.458 Loaded shared library C:\Program Files\BellSoft\LibericaJDK-23\bin\zip.dll
Event: 1.098 Loaded shared library C:\Program Files\Apache\apache-maven-3.9.11\lib\jansi-native\Windows\x86_64\jansi.dll
Event: 1.163 Loaded shared library C:\Program Files\BellSoft\LibericaJDK-23\bin\verify.dll
Event: 1.533 Loaded shared library C:\Program Files\BellSoft\LibericaJDK-23\bin\jimage.dll

Deoptimization events (20 events):
Event: 9.835 Thread 0x000001d0da8a2ef0 DEOPT PACKING pc=0x000001d0ed0e35e4 sp=0x00000001005fda40
Event: 9.835 Thread 0x000001d0da8a2ef0 DEOPT UNPACKING pc=0x000001d0ecb34402 sp=0x00000001005fd9d8 mode 2
Event: 9.918 Thread 0x000001d0da8a2ef0 Uncommon trap: trap_request=0xffffffd6 fr.pc=0x000001d0ed1156fc relative=0x000000000000015c
Event: 9.918 Thread 0x000001d0da8a2ef0 Uncommon trap: reason=array_check action=maybe_recompile pc=0x000001d0ed1156fc method=java.util.stream.Nodes$FixedNodeBuilder.accept(Ljava/lang/Object;)V @ 28 c2
Event: 9.918 Thread 0x000001d0da8a2ef0 DEOPT PACKING pc=0x000001d0ed1156fc sp=0x00000001005fde70
Event: 9.918 Thread 0x000001d0da8a2ef0 DEOPT UNPACKING pc=0x000001d0ecb34402 sp=0x00000001005fde10 mode 2
Event: 9.918 Thread 0x000001d0da8a2ef0 Uncommon trap: trap_request=0xffffffd6 fr.pc=0x000001d0ed1156fc relative=0x000000000000015c
Event: 9.918 Thread 0x000001d0da8a2ef0 Uncommon trap: reason=array_check action=maybe_recompile pc=0x000001d0ed1156fc method=java.util.stream.Nodes$FixedNodeBuilder.accept(Ljava/lang/Object;)V @ 28 c2
Event: 9.918 Thread 0x000001d0da8a2ef0 DEOPT PACKING pc=0x000001d0ed1156fc sp=0x00000001005fde70
Event: 9.918 Thread 0x000001d0da8a2ef0 DEOPT UNPACKING pc=0x000001d0ecb34402 sp=0x00000001005fde10 mode 2
Event: 9.918 Thread 0x000001d0da8a2ef0 Uncommon trap: trap_request=0xffffffd6 fr.pc=0x000001d0ed1156fc relative=0x000000000000015c
Event: 9.918 Thread 0x000001d0da8a2ef0 Uncommon trap: reason=array_check action=maybe_recompile pc=0x000001d0ed1156fc method=java.util.stream.Nodes$FixedNodeBuilder.accept(Ljava/lang/Object;)V @ 28 c2
Event: 9.918 Thread 0x000001d0da8a2ef0 DEOPT PACKING pc=0x000001d0ed1156fc sp=0x00000001005fde70
Event: 9.918 Thread 0x000001d0da8a2ef0 DEOPT UNPACKING pc=0x000001d0ecb34402 sp=0x00000001005fde10 mode 2
Event: 9.918 Thread 0x000001d0da8a2ef0 Uncommon trap: trap_request=0xffffffd6 fr.pc=0x000001d0ed1156fc relative=0x000000000000015c
Event: 9.918 Thread 0x000001d0da8a2ef0 Uncommon trap: reason=array_check action=maybe_recompile pc=0x000001d0ed1156fc method=java.util.stream.Nodes$FixedNodeBuilder.accept(Ljava/lang/Object;)V @ 28 c2
Event: 9.918 Thread 0x000001d0da8a2ef0 DEOPT PACKING pc=0x000001d0ed1156fc sp=0x00000001005fde70
Event: 9.918 Thread 0x000001d0da8a2ef0 DEOPT UNPACKING pc=0x000001d0ecb34402 sp=0x00000001005fde10 mode 2
Event: 10.100 Thread 0x000001d0da8a2ef0 DEOPT PACKING pc=0x000001d0e58dd63c sp=0x00000001005fdf20
Event: 10.100 Thread 0x000001d0da8a2ef0 DEOPT UNPACKING pc=0x000001d0ecb34b22 sp=0x00000001005fd480 mode 0

Classes loaded (20 events):
Event: 8.505 Loading class java/nio/channels/FileLock
Event: 8.506 Loading class java/nio/channels/FileLock done
Event: 9.105 Loading class java/nio/file/AccessDeniedException
Event: 9.119 Loading class java/nio/file/FileSystemException
Event: 9.136 Loading class java/nio/file/FileSystemException done
Event: 9.136 Loading class java/nio/file/AccessDeniedException done
Event: 9.563 Loading class java/lang/ExceptionInInitializerError
Event: 9.564 Loading class java/lang/ExceptionInInitializerError done
Event: 9.565 Loading class sun/misc/Unsafe
Event: 9.567 Loading class sun/misc/Unsafe done
Event: 9.567 Loading class sun/misc/Unsafe$MemoryAccessOption
Event: 9.568 Loading class sun/misc/Unsafe$MemoryAccessOption done
Event: 9.569 Loading class java/lang/invoke/DirectMethodHandle$StaticAccessor
Event: 9.569 Loading class java/lang/invoke/DirectMethodHandle$StaticAccessor done
Event: 9.582 Loading class jdk/internal/vm/annotation/ForceInline
Event: 9.582 Loading class jdk/internal/vm/annotation/ForceInline done
Event: 9.811 Loading class sun/invoke/util/ValueConversions$1
Event: 9.811 Loading class sun/invoke/util/ValueConversions$1 done
Event: 9.814 Loading class java/lang/invoke/BoundMethodHandle$Species_LI
Event: 9.814 Loading class java/lang/invoke/BoundMethodHandle$Species_LI done

Classes unloaded (0 events):
No events

Classes redefined (0 events):
No events

Internal exceptions (20 events):
Event: 1.117 Thread 0x000001d0da8a2ef0 Exception <a 'java/lang/NullPointerException'{0x00000000cc016e98}> (0x00000000cc016e98) 
thrown [s\src\hotspot\share\interpreter\linkResolver.cpp, line 1389]
Event: 1.117 Thread 0x000001d0da8a2ef0 Exception <a 'java/lang/NullPointerException'{0x00000000cc017178}> (0x00000000cc017178) 
thrown [s\src\hotspot\share\interpreter\linkResolver.cpp, line 1389]
Event: 1.301 Thread 0x000001d0da8a2ef0 Exception <a 'java/lang/NoSuchMethodError'{0x00000000cc092a50}: 'void java.lang.invoke.DirectMethodHandle$Holder.invokeStatic(java.lang.Object, java.lang.Object)'> (0x00000000cc092a50) 
thrown [s\src\hotspot\share\interpreter\linkResolver.cpp, line 796]
Event: 1.304 Thread 0x000001d0da8a2ef0 Exception <a 'java/lang/NoSuchMethodError'{0x00000000cc095e68}: 'void java.lang.invoke.DirectMethodHandle$Holder.invokeStaticInit(java.lang.Object, java.lang.Object)'> (0x00000000cc095e68) 
thrown [s\src\hotspot\share\interpreter\linkResolver.cpp, line 796]
Event: 2.011 Thread 0x000001d0da8a2ef0 Exception <a 'java/lang/NoSuchMethodError'{0x00000000cbe54f58}: 'java.lang.Object java.lang.invoke.DirectMethodHandle$Holder.invokeSpecialIFC(java.lang.Object, java.lang.Object, java.lang.Object, java.lang.Object)'> (0x00000000cbe54f58) 
thrown [s\src\hotspot\share\interpreter\linkResolver.cpp, line 796]
Event: 3.070 Thread 0x000001d0da8a2ef0 Exception <a 'java/lang/NoSuchMethodError'{0x00000000cb844208}: 'void java.lang.invoke.DirectMethodHandle$Holder.invokeSpecial(java.lang.Object, java.lang.Object, java.lang.Object)'> (0x00000000cb844208) 
thrown [s\src\hotspot\share\interpreter\linkResolver.cpp, line 796]
Event: 3.235 Thread 0x000001d0da8a2ef0 Exception <a 'java/lang/NoSuchMethodError'{0x00000000cc5fed70}: 'java.lang.Object java.lang.invoke.DirectMethodHandle$Holder.invokeInterface(java.lang.Object, java.lang.Object)'> (0x00000000cc5fed70) 
thrown [s\src\hotspot\share\interpreter\linkResolver.cpp, line 796]
Event: 3.307 Thread 0x000001d0da8a2ef0 Exception <a 'java/lang/NoSuchMethodError'{0x00000000cc4c04a0}: 'int java.lang.invoke.DirectMethodHandle$Holder.invokeStatic(java.lang.Object, java.lang.Object, java.lang.Object, java.lang.Object)'> (0x00000000cc4c04a0) 
thrown [s\src\hotspot\share\interpreter\linkResolver.cpp, line 796]
Event: 3.316 Thread 0x000001d0da8a2ef0 Exception <a 'java/lang/NoSuchMethodError'{0x00000000cc4cef10}: 'int java.lang.invoke.DirectMethodHandle$Holder.invokeSpecialIFC(java.lang.Object, java.lang.Object, java.lang.Object, java.lang.Object, java.lang.Object)'> (0x00000000cc4cef10) 
thrown [s\src\hotspot\share\interpreter\linkResolver.cpp, line 796]
Event: 3.531 Thread 0x000001d0da8a2ef0 Exception <a 'java/lang/NoSuchMethodError'{0x00000000cc27a4f8}: 'void java.lang.invoke.DirectMethodHandle$Holder.invokeStatic(java.lang.Object, int, java.lang.Object)'> (0x00000000cc27a4f8) 
thrown [s\src\hotspot\share\interpreter\linkResolver.cpp, line 796]
Event: 3.890 Thread 0x000001d0da8a2ef0 Exception <a 'java/lang/NoSuchMethodError'{0x00000000cc008da8}: 'int java.lang.invoke.DirectMethodHandle$Holder.invokeStaticInit(java.lang.Object, java.lang.Object)'> (0x00000000cc008da8) 
thrown [s\src\hotspot\share\interpreter\linkResolver.cpp, line 796]
Event: 4.080 Thread 0x000001d0da8a2ef0 Exception <a 'java/lang/NoClassDefFoundError'{0x00000000cc040b50}: javax/enterprise/inject/Typed> (0x00000000cc040b50) 
thrown [s\src\hotspot\share\classfile\systemDictionary.cpp, line 302]
Event: 9.553 Thread 0x000001d0da8a2ef0 Exception <a 'java/lang/NoSuchMethodError'{0x00000000cc00b820}: 'void java.lang.invoke.DirectMethodHandle$Holder.invokeStaticInit(java.lang.Object, java.lang.Object, java.lang.Object)'> (0x00000000cc00b820) 
thrown [s\src\hotspot\share\interpreter\linkResolver.cpp, line 796]
Event: 9.579 Thread 0x000001d0da8a2ef0 Exception <a 'java/lang/ExceptionInInitializerError'{0x00000000cc03a9c8}> (0x00000000cc03a9c8) 
thrown [s\src\hotspot\share\oops\instanceKlass.cpp, line 1236]
Event: 9.812 Thread 0x000001d0da8a2ef0 Exception <a 'java/lang/NoSuchMethodError'{0x00000000cc0ac930}: 'long java.lang.invoke.DirectMethodHandle$Holder.invokeStatic(java.lang.Object, java.lang.Object, int)'> (0x00000000cc0ac930) 
thrown [s\src\hotspot\share\interpreter\linkResolver.cpp, line 796]
Event: 9.818 Thread 0x000001d0da8a2ef0 Exception <a 'java/lang/NoSuchMethodError'{0x00000000cc0bff00}: 'java.lang.Object java.lang.invoke.DirectMethodHandle$Holder.invokeStatic(java.lang.Object, java.lang.Object, java.lang.Object, java.lang.Object, int)'> (0x00000000cc0bff00) 
thrown [s\src\hotspot\share\interpreter\linkResolver.cpp, line 796]
Event: 9.820 Thread 0x000001d0da8a2ef0 Exception <a 'java/lang/NoSuchMethodError'{0x00000000cc0c80e8}: 'java.lang.Object java.lang.invoke.DirectMethodHandle$Holder.invokeSpecial(java.lang.Object, java.lang.Object, java.lang.Object, java.lang.Object, long)'> (0x00000000cc0c80e8) 
thrown [s\src\hotspot\share\interpreter\linkResolver.cpp, line 796]
Event: 9.824 Thread 0x000001d0da8a2ef0 Exception <a 'java/lang/NoSuchMethodError'{0x00000000cc0d3f00}: 'java.lang.Object java.lang.invoke.DirectMethodHandle$Holder.invokeSpecial(java.lang.Object, java.lang.Object, java.lang.Object, int, java.lang.Object)'> (0x00000000cc0d3f00) 
thrown [s\src\hotspot\share\interpreter\linkResolver.cpp, line 796]
Event: 9.835 Thread 0x000001d0da8a2ef0 Implicit null exception at 0x000001d0ed0e343d to 0x000001d0ed0e35d0
Event: 9.841 Thread 0x000001d0da8a2ef0 Exception <a 'java/lang/NoSuchMethodError'{0x00000000cc0fd1e8}: 'java.lang.Object java.lang.invoke.Invokers$Holder.invokeExact_MT(java.lang.Object, int, java.lang.Object)'> (0x00000000cc0fd1e8) 
thrown [s\src\hotspot\share\interpreter\linkResolver.cpp, line 796]

VM Operations (20 events):
Event: 1.065 Executing VM operation: HandshakeAllThreads (Deoptimize)
Event: 1.066 Executing VM operation: HandshakeAllThreads (Deoptimize) done
Event: 1.609 Executing VM operation: HandshakeAllThreads (Deoptimize)
Event: 1.609 Executing VM operation: HandshakeAllThreads (Deoptimize) done
Event: 3.135 Executing VM operation: G1CollectForAllocation (G1 Evacuation Pause)
Event: 3.153 Executing VM operation: G1CollectForAllocation (G1 Evacuation Pause) done
Event: 4.488 Executing VM operation: G1CollectForAllocation (G1 Evacuation Pause)
Event: 4.505 Executing VM operation: G1CollectForAllocation (G1 Evacuation Pause) done
Event: 6.281 Executing VM operation: HandshakeAllThreads (Deoptimize)
Event: 6.281 Executing VM operation: HandshakeAllThreads (Deoptimize) done
Event: 6.557 Executing VM operation: HandshakeAllThreads (Deoptimize)
Event: 6.557 Executing VM operation: HandshakeAllThreads (Deoptimize) done
Event: 8.096 Executing VM operation: G1CollectForAllocation (G1 Evacuation Pause)
Event: 8.105 Executing VM operation: G1CollectForAllocation (G1 Evacuation Pause) done
Event: 9.756 Executing VM operation: HandshakeAllThreads (Deoptimize)
Event: 9.757 Executing VM operation: HandshakeAllThreads (Deoptimize) done
Event: 10.090 Executing VM operation: HandshakeAllThreads (Deoptimize)
Event: 10.090 Executing VM operation: HandshakeAllThreads (Deoptimize) done
Event: 10.098 Executing VM operation: HandshakeAllThreads (Deoptimize)
Event: 10.098 Executing VM operation: HandshakeAllThreads (Deoptimize) done

Memory protections (0 events):
No events

Nmethod flushes (0 events):
No events

Events (13 events):
Event: 0.151 Thread 0x000001d0da8a2ef0 Thread added: 0x000001d0da8a2ef0
Event: 0.198 Thread 0x000001d0da8a2ef0 Thread added: 0x000001d0c1139b90
Event: 0.198 Thread 0x000001d0da8a2ef0 Thread added: 0x000001d0c113a7a0
Event: 0.199 Thread 0x000001d0da8a2ef0 Thread added: 0x000001d0c113b3b0
Event: 0.199 Thread 0x000001d0da8a2ef0 Thread added: 0x000001d0c113be10
Event: 0.199 Thread 0x000001d0da8a2ef0 Thread added: 0x000001d0c113c870
Event: 0.200 Thread 0x000001d0da8a2ef0 Thread added: 0x000001d0c113d2d0
Event: 0.200 Thread 0x000001d0da8a2ef0 Thread added: 0x000001d0c1140470
Event: 0.202 Thread 0x000001d0da8a2ef0 Thread added: 0x000001d0c1161b40
Event: 0.354 Thread 0x000001d0da8a2ef0 Thread added: 0x000001d0c131c7d0
Event: 0.375 Thread 0x000001d0da8a2ef0 Thread added: 0x000001d0c13208b0
Event: 1.085 Thread 0x000001d0da8a2ef0 Thread added: 0x000001d0c15f1ec0
Event: 3.289 Thread 0x000001d0c15f1ec0 Thread exited: 0x000001d0c15f1ec0


Dynamic libraries:
0x00007ff7979d0000 - 0x00007ff7979de000 	C:\Program Files\BellSoft\LibericaJDK-23\bin\java.exe
0x00007ffda5b60000 - 0x00007ffda5dc8000 	C:\WINDOWS\SYSTEM32\ntdll.dll
0x00007ffda4920000 - 0x00007ffda49e9000 	C:\WINDOWS\System32\KERNEL32.DLL
0x00007ffda2cb0000 - 0x00007ffda30a8000 	C:\WINDOWS\System32\KERNELBASE.dll
0x00007ffda3630000 - 0x00007ffda377b000 	C:\WINDOWS\System32\ucrtbase.dll
0x00007ffd97a90000 - 0x00007ffd97aa7000 	C:\Program Files\BellSoft\LibericaJDK-23\bin\jli.dll
0x00007ffda3990000 - 0x00007ffda3b57000 	C:\WINDOWS\System32\USER32.dll
0x00007ffda32d0000 - 0x00007ffda32f7000 	C:\WINDOWS\System32\win32u.dll
0x00007ffda3900000 - 0x00007ffda392b000 	C:\WINDOWS\System32\GDI32.dll
0x00007ffda3300000 - 0x00007ffda342c000 	C:\WINDOWS\System32\gdi32full.dll
0x00007ffda30b0000 - 0x00007ffda3153000 	C:\WINDOWS\System32\msvcp_win.dll
0x00007ffd8ea80000 - 0x00007ffd8ea9b000 	C:\Program Files\BellSoft\LibericaJDK-23\bin\VCRUNTIME140.dll
0x00007ffd93e80000 - 0x00007ffd94114000 	C:\WINDOWS\WinSxS\amd64_microsoft.windows.common-controls_6595b64144ccf1df_6.0.26100.7019_none_3e06ffa0e335b8a8\COMCTL32.dll
0x00007ffda4830000 - 0x00007ffda48d9000 	C:\WINDOWS\System32\msvcrt.dll
0x00007ffda48e0000 - 0x00007ffda4911000 	C:\WINDOWS\System32\IMM32.DLL
0x00007ffd9bb10000 - 0x00007ffd9bb1c000 	C:\Program Files\BellSoft\LibericaJDK-23\bin\vcruntime140_1.dll
0x00007ffd69890000 - 0x00007ffd6991e000 	C:\Program Files\BellSoft\LibericaJDK-23\bin\msvcp140.dll
0x00007ffcf3c80000 - 0x00007ffcf4a5f000 	C:\Program Files\BellSoft\LibericaJDK-23\bin\server\jvm.dll
0x00007ffda55c0000 - 0x00007ffda5674000 	C:\WINDOWS\System32\ADVAPI32.dll
0x00007ffda3b60000 - 0x00007ffda3c06000 	C:\WINDOWS\System32\sechost.dll
0x00007ffda3ce0000 - 0x00007ffda3df8000 	C:\WINDOWS\System32\RPCRT4.dll
0x00007ffda5270000 - 0x00007ffda52e4000 	C:\WINDOWS\System32\WS2_32.dll
0x00007ffda2b10000 - 0x00007ffda2b6e000 	C:\WINDOWS\SYSTEM32\POWRPROF.dll
0x00007ffd9b1e0000 - 0x00007ffd9b215000 	C:\WINDOWS\SYSTEM32\WINMM.dll
0x00007ffd9b220000 - 0x00007ffd9b22b000 	C:\WINDOWS\SYSTEM32\VERSION.dll
0x00007ffda2af0000 - 0x00007ffda2b04000 	C:\WINDOWS\SYSTEM32\UMPDC.dll
0x00007ffda1a70000 - 0x00007ffda1a8b000 	C:\WINDOWS\SYSTEM32\kernel.appcore.dll
0x00007ffd98880000 - 0x00007ffd9888a000 	C:\Program Files\BellSoft\LibericaJDK-23\bin\jimage.dll
0x00007ffd95a90000 - 0x00007ffd95cd2000 	C:\WINDOWS\SYSTEM32\DBGHELP.DLL
0x00007ffda44a0000 - 0x00007ffda482b000 	C:\WINDOWS\System32\combase.dll
0x00007ffda4010000 - 0x00007ffda40e7000 	C:\WINDOWS\System32\OLEAUT32.dll
0x00007ffd945c0000 - 0x00007ffd945fc000 	C:\WINDOWS\SYSTEM32\dbgcore.DLL
0x00007ffda3160000 - 0x00007ffda3205000 	C:\WINDOWS\System32\bcryptPrimitives.dll
0x00007ffd8ea60000 - 0x00007ffd8ea7e000 	C:\Program Files\BellSoft\LibericaJDK-23\bin\java.dll
0x00007ffda41f0000 - 0x00007ffda4387000 	C:\WINDOWS\System32\ole32.dll
0x00007ffda4a10000 - 0x00007ffda515f000 	C:\WINDOWS\System32\SHELL32.dll
0x00007ffda3430000 - 0x00007ffda359b000 	C:\WINDOWS\System32\wintypes.dll
0x00007ffda0910000 - 0x00007ffda116d000 	C:\WINDOWS\SYSTEM32\windows.storage.dll
0x00007ffda40f0000 - 0x00007ffda41e2000 	C:\WINDOWS\System32\SHCORE.dll
0x00007ffda4430000 - 0x00007ffda4497000 	C:\WINDOWS\System32\shlwapi.dll
0x00007ffda2bd0000 - 0x00007ffda2bf9000 	C:\WINDOWS\SYSTEM32\profapi.dll
0x00007ffd4de00000 - 0x00007ffd4ded7000 	C:\Program Files\BellSoft\LibericaJDK-23\bin\jsvml.dll
0x00007ffd97e30000 - 0x00007ffd97e40000 	C:\Program Files\BellSoft\LibericaJDK-23\bin\net.dll
0x00007ffda1fe0000 - 0x00007ffda204b000 	C:\WINDOWS\system32\mswsock.dll
0x00007ffd8e7d0000 - 0x00007ffd8e7e6000 	C:\Program Files\BellSoft\LibericaJDK-23\bin\nio.dll
0x00007ffd8e320000 - 0x00007ffd8e337000 	C:\Program Files\BellSoft\LibericaJDK-23\bin\zip.dll
0x00007ffd8dd20000 - 0x00007ffd8dd44000 	C:\Program Files\Apache\apache-maven-3.9.11\lib\jansi-native\Windows\x86_64\jansi.dll
0x00007ffd97cb0000 - 0x00007ffd97cc0000 	C:\Program Files\BellSoft\LibericaJDK-23\bin\verify.dll

dbghelp: loaded successfully - version: 4.0.5 - missing functions: none
symbol engine: initialized successfully - sym options: 0x614 - pdb path: .;C:\Program Files\BellSoft\LibericaJDK-23\bin;C:\WINDOWS\SYSTEM32;C:\WINDOWS\WinSxS\amd64_microsoft.windows.common-controls_6595b64144ccf1df_6.0.26100.7019_none_3e06ffa0e335b8a8;C:\Program Files\BellSoft\LibericaJDK-23\bin\server;C:\Program Files\Apache\apache-maven-3.9.11\lib\jansi-native\Windows\x86_64

VM Arguments:
jvm_args: --enable-native-access=ALL-UNNAMED -Dclassworlds.conf=C:\Program Files\Apache\apache-maven-3.9.11\bin\m2.conf -Dmaven.home=C:\Program Files\Apache\apache-maven-3.9.11 -Dlibrary.jansi.path=C:\Program Files\Apache\apache-maven-3.9.11\lib\jansi-native -Dmaven.multiModuleProjectDirectory=C:\Users\chico\Documents\GitHub\CrudCloud-Backend-ColdBrew 
java_command: org.codehaus.plexus.classworlds.launcher.Launcher spring-boot:run
java_class_path (initial): C:\Program Files\Apache\apache-maven-3.9.11\boot\plexus-classworlds-2.9.0.jar
Launcher Type: SUN_STANDARD

[Global flags]
     intx CICompilerCount                          = 3                                         {product} {ergonomic}
     uint ConcGCThreads                            = 1                                         {product} {ergonomic}
     uint G1ConcRefinementThreads                  = 4                                         {product} {ergonomic}
   size_t G1HeapRegionSize                         = 1048576                                   {product} {ergonomic}
   size_t InitialHeapSize                          = 58720256                                  {product} {ergonomic}
   size_t MarkStackSize                            = 4194304                                   {product} {ergonomic}
   size_t MarkStackSizeMax                         = 536870912                                 {product} {ergonomic}
   size_t MaxHeapSize                              = 924844032                                 {product} {ergonomic}
   size_t MaxNewSize                               = 554696704                                 {product} {ergonomic}
   size_t MinHeapDeltaBytes                        = 1048576                                   {product} {ergonomic}
   size_t MinHeapSize                              = 8388608                                   {product} {ergonomic}
    uintx NonNMethodCodeHeapSize                   = 5832704                                {pd product} {ergonomic}
    uintx NonProfiledCodeHeapSize                  = 122945536                              {pd product} {ergonomic}
    uintx ProfiledCodeHeapSize                     = 122880000                              {pd product} {ergonomic}
    uintx ReservedCodeCacheSize                    = 251658240                              {pd product} {ergonomic}
     bool SegmentedCodeCache                       = true                                      {product} {ergonomic}
   size_t SoftMaxHeapSize                          = 924844032                              {manageable} {ergonomic}
     bool UseCompressedOops                        = true                           {product lp64_product} {ergonomic}
     bool UseG1GC                                  = true                                      {product} {ergonomic}
     bool UseLargePagesIndividualAllocation        = false                                  {pd product} {ergonomic}

Logging:
Log output configuration:
 #0: stdout all=warning uptime,level,tags foldmultilines=false
 #1: stderr all=off uptime,level,tags foldmultilines=false

Environment Variables:
JAVA_HOME=C:\Program Files\BellSoft\LibericaJDK-23\
PATH=C:\Program Files\BellSoft\LibericaJDK-23\bin\;C:\Program Files\Common Files\Oracle\Java\javapath;C:\WINDOWS\system32;C:\WINDOWS;C:\WINDOWS\System32\Wbem;C:\WINDOWS\System32\WindowsPowerShell\v1.0\;C:\WINDOWS\System32\OpenSSH\;C:\Program Files\Git\cmd;C:\Program Files\nodejs\;C:\Program Files\PostgreSQL\17\bin;C:\Program Files\dotnet\;C:\Program Files\MongoDB\Server\8.0\bin;C:\Program Files\Apache\apache-maven-3.9.11\bin;C:\Users\chico\AppData\Local\Microsoft\WindowsApps;C:\Users\chico\AppData\Local\Programs\Microsoft VS Code\bin;C:\Users\chico\AppData\Local\GitHubDesktop\bin;C:\Users\chico\AppData\Roaming\npm;C:\Users\chico\AppData\Local\Programs\Windsurf\bin
USERNAME=chico
OS=Windows_NT
PROCESSOR_IDENTIFIER=AMD64 Family 23 Model 24 Stepping 1, AuthenticAMD
TMP=C:\Users\chico\AppData\Local\Temp
TEMP=C:\Users\chico\AppData\Local\Temp




Periodic native trim disabled

---------------  S Y S T E M  ---------------

OS:
 Windows 11 , 64 bit Build 26100 (10.0.26100.7019)
OS uptime: 0 days 4:52 hours

CPU: total 4 (initial active 4) (4 cores per cpu, 2 threads per core) family 23 model 24 stepping 1 microcode 0x8108109, cx8, cmov, fxsr, ht, mmx, 3dnowpref, sse, sse2, sse3, ssse3, sse4a, sse4.1, sse4.2, popcnt, lzcnt, tsc, tscinvbit, avx, avx2, aes, clmul, bmi1, bmi2, adx, sha, fma, vzeroupper, clflush, clflushopt, rdtscp, f16c
Processor Information for the first 4 processors :
  Max Mhz: 2400, Current Mhz: 2400, Mhz Limit: 2400

Memory: 4k page, system-wide physical 3520M (245M free)
TotalPageFile size 11712M (AvailPageFile size 5M)
current process WorkingSet (physical memory assigned to process): 99M, peak: 99M
current process commit charge ("private bytes"): 152M, peak: 152M

vm_info: OpenJDK 64-Bit Server VM (23.0.2+9) for windows-amd64 JRE (23.0.2+9), built on 2025-01-22T11:09:48Z with MS VC++ 17.1 (VS2022)

END.
